[    0.000000] Linux version 4.15.0-118-generic (buildd@lgw01-amd64-039) (gcc version 7.5.0 (Ubuntu 7.5.0-3ubuntu1~18.04)) #119-Ubuntu SMP Tue Sep 8 12:30:01 UTC 2020 (Ubuntu 4.15.0-118.119-generic 4.15.18)
[    0.000000] Command line: BOOT_IMAGE=/boot/vmlinuz-4.15.0-118-generic root=LABEL=cloudimg-rootfs ro console=tty1 console=ttyS0
[    0.000000] KERNEL supported cpus:
[    0.000000]   Intel GenuineIntel
[    0.000000]   AMD AuthenticAMD
[    0.000000]   Centaur CentaurHauls
[    0.000000] x86/fpu: Supporting XSAVE feature 0x001: 'x87 floating point registers'
[    0.000000] x86/fpu: Supporting XSAVE feature 0x002: 'SSE registers'
[    0.000000] x86/fpu: Supporting XSAVE feature 0x004: 'AVX registers'
[    0.000000] x86/fpu: xstate_offset[2]:  576, xstate_sizes[2]:  256
[    0.000000] x86/fpu: Enabled xstate features 0x7, context size is 832 bytes, using 'standard' format.
[    0.000000] e820: BIOS-provided physical RAM map:
[    0.000000] BIOS-e820: [mem 0x0000000000000000-0x000000000009fbff] usable
[    0.000000] BIOS-e820: [mem 0x000000000009fc00-0x000000000009ffff] reserved
[    0.000000] BIOS-e820: [mem 0x00000000000f0000-0x00000000000fffff] reserved
[    0.000000] BIOS-e820: [mem 0x0000000000100000-0x000000003ffeffff] usable
[    0.000000] BIOS-e820: [mem 0x000000003fff0000-0x000000003fffffff] ACPI data
[    0.000000] BIOS-e820: [mem 0x00000000fec00000-0x00000000fec00fff] reserved
[    0.000000] BIOS-e820: [mem 0x00000000fee00000-0x00000000fee00fff] reserved
[    0.000000] BIOS-e820: [mem 0x00000000fffc0000-0x00000000ffffffff] reserved
[    0.000000] NX (Execute Disable) protection: active
[    0.000000] SMBIOS 2.5 present.
[    0.000000] DMI: innotek GmbH VirtualBox/VirtualBox, BIOS VirtualBox 12/01/2006
[    0.000000] Hypervisor detected: KVM
[    0.000000] e820: last_pfn = 0x3fff0 max_arch_pfn = 0x400000000
[    0.000000] MTRR: Disabled
[    0.000000] x86/PAT: MTRRs disabled, skipping PAT initialization too.
[    0.000000] CPU MTRRs all blank - virtualized system.
[    0.000000] x86/PAT: Configuration [0-7]: WB  WT  UC- UC  WB  WT  UC- UC  
[    0.000000] found SMP MP-table at [mem 0x0009fff0-0x0009ffff]
[    0.000000] Scanning 1 areas for low memory corruption
[    0.000000] RAMDISK: [mem 0x35a67000-0x36d2afff]
[    0.000000] ACPI: Early table checksum verification disabled
[    0.000000] ACPI: RSDP 0x00000000000E0000 000024 (v02 VBOX  )
[    0.000000] ACPI: XSDT 0x000000003FFF0030 00003C (v01 VBOX   VBOXXSDT 00000001 ASL  00000061)
[    0.000000] ACPI: FACP 0x000000003FFF00F0 0000F4 (v04 VBOX   VBOXFACP 00000001 ASL  00000061)
[    0.000000] ACPI: DSDT 0x000000003FFF0470 002325 (v02 VBOX   VBOXBIOS 00000002 INTL 20190509)
[    0.000000] ACPI: FACS 0x000000003FFF0200 000040
[    0.000000] ACPI: FACS 0x000000003FFF0200 000040
[    0.000000] ACPI: APIC 0x000000003FFF0240 000054 (v02 VBOX   VBOXAPIC 00000001 ASL  00000061)
[    0.000000] ACPI: SSDT 0x000000003FFF02A0 0001CC (v01 VBOX   VBOXCPUT 00000002 INTL 20190509)
[    0.000000] No NUMA configuration found
[    0.000000] Faking a node at [mem 0x0000000000000000-0x000000003ffeffff]
[    0.000000] NODE_DATA(0) allocated [mem 0x3ffc5000-0x3ffeffff]
[    0.000000] kvm-clock: cpu 0, msr 0:3ff44001, primary cpu clock
[    0.000000] kvm-clock: Using msrs 4b564d01 and 4b564d00
[    0.000000] kvm-clock: using sched offset of 3332695466 cycles
[    0.000000] clocksource: kvm-clock: mask: 0xffffffffffffffff max_cycles: 0x1cd42e4dffb, max_idle_ns: 881590591483 ns
[    0.000000] Zone ranges:
[    0.000000]   DMA      [mem 0x0000000000001000-0x0000000000ffffff]
[    0.000000]   DMA32    [mem 0x0000000001000000-0x000000003ffeffff]
[    0.000000]   Normal   empty
[    0.000000]   Device   empty
[    0.000000] Movable zone start for each node
[    0.000000] Early memory node ranges
[    0.000000]   node   0: [mem 0x0000000000001000-0x000000000009efff]
[    0.000000]   node   0: [mem 0x0000000000100000-0x000000003ffeffff]
[    0.000000] Reserved but unavailable: 98 pages
[    0.000000] Initmem setup node 0 [mem 0x0000000000001000-0x000000003ffeffff]
[    0.000000] ACPI: PM-Timer IO Port: 0x4008
[    0.000000] IOAPIC[0]: apic_id 1, version 32, address 0xfec00000, GSI 0-23
[    0.000000] ACPI: INT_SRC_OVR (bus 0 bus_irq 0 global_irq 2 dfl dfl)
[    0.000000] ACPI: INT_SRC_OVR (bus 0 bus_irq 9 global_irq 9 low level)
[    0.000000] Using ACPI (MADT) for SMP configuration information
[    0.000000] smpboot: Allowing 1 CPUs, 0 hotplug CPUs
[    0.000000] PM: Registered nosave memory: [mem 0x00000000-0x00000fff]
[    0.000000] PM: Registered nosave memory: [mem 0x0009f000-0x0009ffff]
[    0.000000] PM: Registered nosave memory: [mem 0x000a0000-0x000effff]
[    0.000000] PM: Registered nosave memory: [mem 0x000f0000-0x000fffff]
[    0.000000] e820: [mem 0x40000000-0xfebfffff] available for PCI devices
[    0.000000] Booting paravirtualized kernel on KVM
[    0.000000] clocksource: refined-jiffies: mask: 0xffffffff max_cycles: 0xffffffff, max_idle_ns: 7645519600211568 ns
[    0.000000] random: get_random_bytes called from start_kernel+0x99/0x500 with crng_init=0
[    0.000000] setup_percpu: NR_CPUS:8192 nr_cpumask_bits:1 nr_cpu_ids:1 nr_node_ids:1
[    0.000000] percpu: Embedded 45 pages/cpu s147456 r8192 d28672 u2097152
[    0.000000] PV qspinlock hash table entries: 256 (order: 0, 4096 bytes)
[    0.000000] Built 1 zonelists, mobility grouping on.  Total pages: 257913
[    0.000000] Policy zone: DMA32
[    0.000000] Kernel command line: BOOT_IMAGE=/boot/vmlinuz-4.15.0-118-generic root=LABEL=cloudimg-rootfs ro console=tty1 console=ttyS0
[    0.000000] Memory: 983212K/1048120K available (12300K kernel code, 2482K rwdata, 4272K rodata, 2436K init, 2724K bss, 64908K reserved, 0K cma-reserved)
[    0.000000] SLUB: HWalign=64, Order=0-3, MinObjects=0, CPUs=1, Nodes=1
[    0.000000] Kernel/User page tables isolation: enabled
[    0.000000] ftrace: allocating 39396 entries in 154 pages
[    0.004000] Hierarchical RCU implementation.
[    0.004000] 	RCU restricting CPUs from NR_CPUS=8192 to nr_cpu_ids=1.
[    0.004000] 	Tasks RCU enabled.
[    0.004000] RCU: Adjusting geometry for rcu_fanout_leaf=16, nr_cpu_ids=1
[    0.004000] NR_IRQS: 524544, nr_irqs: 256, preallocated irqs: 16
[    0.004000] Console: colour VGA+ 80x25
[    0.004000] console [tty1] enabled
[    0.004000] console [ttyS0] enabled
[    0.004000] ACPI: Core revision 20170831
[    0.004000] ACPI: 2 ACPI AML tables successfully acquired and loaded
[    0.004000] APIC: Switch to symmetric I/O mode setup
[    0.004000] x2apic enabled
[    0.004000] Switched APIC routing to physical x2apic.
[    0.004000] ..TIMER: vector=0x30 apic1=0 pin1=2 apic2=-1 pin2=-1
[    0.004000] tsc: Detected 1991.999 MHz processor
[    0.004000] Calibrating delay loop (skipped) preset value.. 3983.99 BogoMIPS (lpj=7967996)
[    0.004004] pid_max: default: 32768 minimum: 301
[    0.004560] Security Framework initialized
[    0.005060] Yama: becoming mindful.
[    0.005508] AppArmor: AppArmor initialized
[    0.006596] Dentry cache hash table entries: 131072 (order: 8, 1048576 bytes)
[    0.008050] Inode-cache hash table entries: 65536 (order: 7, 524288 bytes)
[    0.008889] Mount-cache hash table entries: 2048 (order: 2, 16384 bytes)
[    0.009676] Mountpoint-cache hash table entries: 2048 (order: 2, 16384 bytes)
[    0.010759] process: using mwait in idle threads
[    0.011390] Last level iTLB entries: 4KB 64, 2MB 8, 4MB 8
[    0.012002] Last level dTLB entries: 4KB 64, 2MB 0, 4MB 0, 1GB 4
[    0.012862] Spectre V1 : Mitigation: usercopy/swapgs barriers and __user pointer sanitization
[    0.013865] Spectre V2 : Mitigation: Full generic retpoline
[    0.014545] Spectre V2 : Spectre v2 / SpectreRSB mitigation: Filling RSB on context switch
[    0.015589] Speculative Store Bypass: Vulnerable
[    0.016040] SRBDS: Unknown: Dependent on hypervisor status
[    0.016730] MDS: Mitigation: Clear CPU buffers
[    0.029449] Freeing SMP alternatives memory: 36K
[    0.136151] smpboot: CPU0: Intel(R) Core(TM) i7-8565U CPU @ 1.80GHz (family: 0x6, model: 0x8e, stepping: 0xb)
[    0.137395] Performance Events: unsupported p6 CPU model 142 no PMU driver, software events only.
[    0.138535] Hierarchical SRCU implementation.
[    0.139793] NMI watchdog: Perf event create on CPU 0 failed with -2
[    0.140002] NMI watchdog: Perf NMI watchdog permanently disabled
[    0.140737] smp: Bringing up secondary CPUs ...
[    0.141396] smp: Brought up 1 node, 1 CPU
[    0.141903] smpboot: Max logical packages: 1
[    0.142405] smpboot: Total of 1 processors activated (3983.99 BogoMIPS)
[    0.143298] devtmpfs: initialized
[    0.144062] x86/mm: Memory block size: 128MB
[    0.144725] evm: security.selinux
[    0.145170] evm: security.SMACK64
[    0.145582] evm: security.SMACK64EXEC
[    0.146055] evm: security.SMACK64TRANSMUTE
[    0.146615] evm: security.SMACK64MMAP
[    0.147088] evm: security.apparmor
[    0.147586] evm: security.ima
[    0.148003] evm: security.capability
[    0.148535] clocksource: jiffies: mask: 0xffffffff max_cycles: 0xffffffff, max_idle_ns: 7645041785100000 ns
[    0.149659] futex hash table entries: 256 (order: 2, 16384 bytes)
[    0.150395] pinctrl core: initialized pinctrl subsystem
[    0.151149] RTC time: 20:47:32, date: 09/11/21
[    0.151751] NET: Registered protocol family 16
[    0.152050] audit: initializing netlink subsys (disabled)
[    0.152884] cpuidle: using governor ladder
[    0.153467] cpuidle: using governor menu
[    0.153973] ACPI: bus type PCI registered
[    0.154520] acpiphp: ACPI Hot Plug PCI Controller Driver version: 0.5
[    0.156021] PCI: Using configuration type 1 for base access
[    0.156701] audit: type=2000 audit(1631393257.704:1): state=initialized audit_enabled=0 res=1
[    0.158526] HugeTLB registered 2.00 MiB page size, pre-allocated 0 pages
[    0.159981] ACPI: Added _OSI(Module Device)
[    0.160017] ACPI: Added _OSI(Processor Device)
[    0.160626] ACPI: Added _OSI(3.0 _SCP Extensions)
[    0.161229] ACPI: Added _OSI(Processor Aggregator Device)
[    0.161853] ACPI: Added _OSI(Linux-Dell-Video)
[    0.162332] ACPI: Added _OSI(Linux-Lenovo-NV-HDMI-Audio)
[    0.163080] ACPI: Added _OSI(Linux-HPI-Hybrid-Graphics)
[    0.164289] ACPI: Executed 1 blocks of module-level executable AML code
[    0.167501] ACPI: Interpreter enabled
[    0.168016] ACPI: (supports S0 S5)
[    0.168467] ACPI: Using IOAPIC for interrupt routing
[    0.169270] PCI: Using host bridge windows from ACPI; if necessary, use "pci=nocrs" and report a bug
[    0.170422] ACPI: Enabled 2 GPEs in block 00 to 07
[    0.176210] ACPI: PCI Root Bridge [PCI0] (domain 0000 [bus 00-ff])
[    0.177027] acpi PNP0A03:00: _OSC: OS supports [ASPM ClockPM Segments MSI]
[    0.178168] acpi PNP0A03:00: _OSC: not requesting OS control; OS requires [ExtendedConfig ASPM ClockPM MSI]
[    0.179275] acpi PNP0A03:00: fail to add MMCONFIG information, can't access extended PCI configuration space under this bridge.
[    0.180281] PCI host bridge to bus 0000:00
[    0.180795] pci_bus 0000:00: root bus resource [io  0x0000-0x0cf7 window]
[    0.181559] pci_bus 0000:00: root bus resource [io  0x0d00-0xffff window]
[    0.182385] pci_bus 0000:00: root bus resource [mem 0x000a0000-0x000bffff window]
[    0.183286] pci_bus 0000:00: root bus resource [mem 0x40000000-0xfdffffff window]
[    0.184003] pci_bus 0000:00: root bus resource [bus 00-ff]
[    0.185959] pci 0000:00:01.1: legacy IDE quirk: reg 0x10: [io  0x01f0-0x01f7]
[    0.186854] pci 0000:00:01.1: legacy IDE quirk: reg 0x14: [io  0x03f6]
[    0.188003] pci 0000:00:01.1: legacy IDE quirk: reg 0x18: [io  0x0170-0x0177]
[    0.189295] pci 0000:00:01.1: legacy IDE quirk: reg 0x1c: [io  0x0376]
[    0.198424] pci 0000:00:07.0: quirk: [io  0x4000-0x403f] claimed by PIIX4 ACPI
[    0.199376] pci 0000:00:07.0: quirk: [io  0x4100-0x410f] claimed by PIIX4 SMB
[    0.204000] ACPI: PCI Interrupt Link [LNKA] (IRQs 5 9 10 *11)
[    0.204234] ACPI: PCI Interrupt Link [LNKB] (IRQs 5 9 *10 11)
[    0.204985] ACPI: PCI Interrupt Link [LNKC] (IRQs 5 *9 10 11)
[    0.205751] ACPI: PCI Interrupt Link [LNKD] (IRQs 5 9 10 *11)
[    0.206745] SCSI subsystem initialized
[    0.207318] pci 0000:00:02.0: vgaarb: setting as boot VGA device
[    0.208000] pci 0000:00:02.0: vgaarb: VGA device added: decodes=io+mem,owns=io+mem,locks=none
[    0.208004] pci 0000:00:02.0: vgaarb: bridge control possible
[    0.208671] vgaarb: loaded
[    0.209037] ACPI: bus type USB registered
[    0.209537] usbcore: registered new interface driver usbfs
[    0.210193] usbcore: registered new interface driver hub
[    0.210858] usbcore: registered new device driver usb
[    0.212045] EDAC MC: Ver: 3.0.0
[    0.212624] PCI: Using ACPI for IRQ routing
[    0.213313] NetLabel: Initializing
[    0.213736] NetLabel:  domain hash size = 128
[    0.214252] NetLabel:  protocols = UNLABELED CIPSOv4 CALIPSO
[    0.214923] NetLabel:  unlabeled traffic allowed by default
[    0.215657] clocksource: Switched to clocksource kvm-clock
[    0.220654] VFS: Disk quotas dquot_6.6.0
[    0.221223] VFS: Dquot-cache hash table entries: 512 (order 0, 4096 bytes)
[    0.222134] AppArmor: AppArmor Filesystem Enabled
[    0.222731] pnp: PnP ACPI init
[    0.223904] pnp: PnP ACPI: found 3 devices
[    0.229733] clocksource: acpi_pm: mask: 0xffffff max_cycles: 0xffffff, max_idle_ns: 2085701024 ns
[    0.230741] NET: Registered protocol family 2
[    0.231376] TCP established hash table entries: 8192 (order: 4, 65536 bytes)
[    0.232236] TCP bind hash table entries: 8192 (order: 5, 131072 bytes)
[    0.232958] TCP: Hash tables configured (established 8192 bind 8192)
[    0.233663] UDP hash table entries: 512 (order: 2, 16384 bytes)
[    0.234311] UDP-Lite hash table entries: 512 (order: 2, 16384 bytes)
[    0.235015] NET: Registered protocol family 1
[    0.235513] pci 0000:00:00.0: Limiting direct PCI/PCI transfers
[    0.236239] pci 0000:00:01.0: Activating ISA DMA hang workarounds
[    0.236968] pci 0000:00:02.0: Video device with shadowed ROM at [mem 0x000c0000-0x000dffff]
[    0.237971] Unpacking initramfs...
[    0.450834] Freeing initrd memory: 19216K
[    0.456996] clocksource: tsc: mask: 0xffffffffffffffff max_cycles: 0x396d4ffc055, max_idle_ns: 881590662783 ns
[    0.458146] platform rtc_cmos: registered platform RTC device (no PNP device found)
[    0.459025] Scanning for low memory corruption every 60 seconds
[    0.460050] Initialise system trusted keyrings
[    0.460670] Key type blacklist registered
[    0.461186] workingset: timestamp_bits=36 max_order=18 bucket_order=0
[    0.463018] zbud: loaded
[    0.463700] squashfs: version 4.0 (2009/01/31) Phillip Lougher
[    0.464509] fuse init (API version 7.26)
[    0.465781] Key type asymmetric registered
[    0.466461] Asymmetric key parser 'x509' registered
[    0.467162] Block layer SCSI generic (bsg) driver version 0.4 loaded (major 246)
[    0.468062] io scheduler noop registered
[    0.468553] io scheduler deadline registered
[    0.469079] io scheduler cfq registered (default)
[    0.469820] ACPI: AC Adapter [AC] (on-line)
[    0.470358] input: Power Button as /devices/LNXSYSTM:00/LNXPWRBN:00/input/input0
[    0.471209] ACPI: Power Button [PWRF]
[    0.471706] input: Sleep Button as /devices/LNXSYSTM:00/LNXSLPBN:00/input/input1
[    0.472577] ACPI: Sleep Button [SLPF]
[    0.473709] ACPI: Battery Slot [BAT0] (battery present)
[    0.474436] Serial: 8250/16550 driver, 32 ports, IRQ sharing enabled
[    0.495622] 00:02: ttyS0 at I/O 0x3f8 (irq = 4, base_baud = 115200) is a 16550A
[    0.497470] Linux agpgart interface v0.103
[    0.498795] loop: module loaded
[    0.499526] scsi host0: ata_piix
[    0.500100] scsi host1: ata_piix
[    0.500555] ata1: PATA max UDMA/33 cmd 0x1f0 ctl 0x3f6 bmdma 0xd000 irq 14
[    0.501512] ata2: PATA max UDMA/33 cmd 0x170 ctl 0x376 bmdma 0xd008 irq 15
[    0.502938] libphy: Fixed MDIO Bus: probed
[    0.503431] tun: Universal TUN/TAP device driver, 1.6
[    0.504059] PPP generic driver version 2.4.2
[    0.504777] ehci_hcd: USB 2.0 'Enhanced' Host Controller (EHCI) Driver
[    0.505699] ehci-pci: EHCI PCI platform driver
[    0.506329] ehci-platform: EHCI generic platform driver
[    0.507125] ohci_hcd: USB 1.1 'Open' Host Controller (OHCI) Driver
[    0.507836] ohci-pci: OHCI PCI platform driver
[    0.508458] ohci-platform: OHCI generic platform driver
[    0.509108] uhci_hcd: USB Universal Host Controller Interface driver
[    0.509857] i8042: PNP: PS/2 Controller [PNP0303:PS2K,PNP0f03:PS2M] at 0x60,0x64 irq 1,12
[    0.511154] serio: i8042 KBD port at 0x60,0x64 irq 1
[    0.511712] serio: i8042 AUX port at 0x60,0x64 irq 12
[    0.512407] mousedev: PS/2 mouse device common for all mice
[    0.513329] input: AT Translated Set 2 keyboard as /devices/platform/i8042/serio0/input/input2
[    0.514869] rtc_cmos rtc_cmos: rtc core: registered rtc_cmos as rtc0
[    0.515645] rtc_cmos rtc_cmos: alarms up to one day, 114 bytes nvram
[    0.516458] i2c /dev entries driver
[    0.516973] device-mapper: uevent: version 1.0.3
[    0.517645] device-mapper: ioctl: 4.37.0-ioctl (2017-09-20) initialised: dm-devel@redhat.com
[    0.518694] ledtrig-cpu: registered to indicate activity on CPUs
[    0.519509] intel_pmc_core:  initialized
[    0.520200] NET: Registered protocol family 10
[    0.522923] Segment Routing with IPv6
[    0.523451] NET: Registered protocol family 17
[    0.524011] Key type dns_resolver registered
[    0.524821] mce: Using 0 MCE banks
[    0.525322] RAS: Correctable Errors collector initialized.
[    0.525975] sched_clock: Marking stable (524730957, 0)->(650405056, -125674099)
[    0.526919] registered taskstats version 1
[    0.527421] Loading compiled-in X.509 certificates
[    0.529651] Loaded X.509 cert 'Build time autogenerated kernel key: 12f2d460e247d21dc5d156478bb7d4abc0f5a070'
[    0.530852] zswap: loaded using pool lzo/zbud
[    0.533522] Key type big_key registered
[    0.534854] Key type trusted registered
[    0.536713] Key type encrypted registered
[    0.537314] AppArmor: AppArmor sha1 policy hashing enabled
[    0.537971] ima: No TPM chip found, activating TPM-bypass! (rc=-19)
[    0.538646] ima: Allocated hash algorithm: sha1
[    0.539222] evm: HMAC attrs: 0x1
[    0.539833]   Magic number: 5:204:801
[    0.540480] acpi PNP0F03:00: hash matches
[    0.541048] rtc_cmos rtc_cmos: setting system clock to 2021-09-11 20:47:33 UTC (1631393253)
[    0.542106] BIOS EDD facility v0.16 2004-Jun-25, 0 devices found
[    0.542988] EDD information not available.
[    0.683970] Freeing unused kernel image memory: 2436K
[    0.692179] Write protecting the kernel read-only data: 20480k
[    0.693271] Freeing unused kernel image memory: 2008K
[    0.694074] Freeing unused kernel image memory: 1872K
[    0.699909] x86/mm: Checked W+X mappings: passed, no W+X pages found.
[    0.700672] x86/mm: Checking user space page tables
[    0.706338] x86/mm: Checked W+X mappings: passed, no W+X pages found.
Loading, please wait...
starting version 237
[    0.798558] e1000: Intel(R) PRO/1000 Network Driver - version 7.3.21-k8-NAPI
[    0.799495] e1000: Copyright (c) 1999-2006 Intel Corporation.
[    0.805421] Fusion MPT base driver 3.04.20
[    0.806843] Copyright (c) 1999-2008 LSI Corporation
[    0.821326] Fusion MPT SPI Host driver 3.04.20
[    0.825060] AVX2 version of gcm_enc/dec engaged.
[    0.825687] AES CTR mode by8 optimization enabled
[    1.012921] input: ImExPS/2 Generic Explorer Mouse as /devices/platform/i8042/serio1/input/input4
[    1.167341] e1000 0000:00:03.0 eth0: (PCI:33MHz:32-bit) 02:6a:93:8d:eb:87
[    1.168352] e1000 0000:00:03.0 eth0: Intel(R) PRO/1000 Network Connection
[    1.169971] mptbase: ioc0: Initiating bringup
[    1.264355] ioc0: LSI53C1030 A0: Capabilities={Initiator}
[    1.507889] scsi host2: ioc0: LSI53C1030 A0, FwRev=00000000h, Ports=1, MaxQ=256, IRQ=20
[    1.676954] scsi 2:0:0:0: Direct-Access     VBOX     HARDDISK         1.0  PQ: 0 ANSI: 5
[    1.684229] scsi target2:0:0: Beginning Domain Validation
[    1.692962] scsi target2:0:0: Domain Validation skipping write tests
[    1.696362] scsi target2:0:0: Ending Domain Validation
[    1.699502] scsi target2:0:0: asynchronous
[    1.702062] random: fast init done
[    1.705042] scsi 2:0:1:0: Direct-Access     VBOX     HARDDISK         1.0  PQ: 0 ANSI: 5
[    1.709505] scsi target2:0:1: Beginning Domain Validation
[    1.713922] scsi target2:0:1: Domain Validation skipping write tests
[    1.716244] scsi target2:0:1: Ending Domain Validation
[    1.717893] scsi target2:0:1: asynchronous
[    1.728716] sd 2:0:0:0: Attached scsi generic sg0 type 0
[    1.729803] random: systemd-udevd: uninitialized urandom read (16 bytes read)
[    1.731165] sd 2:0:0:0: [sda] 20971520 512-byte logical blocks: (10.7 GB/10.0 GiB)
[    1.732541] sd 2:0:0:0: [sda] Write Protect is off
[    1.733413] sd 2:0:1:0: Attached scsi generic sg1 type 0
[    1.734259] sd 2:0:0:0: [sda] Incomplete mode parameter data
[    1.735133] sd 2:0:0:0: [sda] Assuming drive cache: write through
[    1.736099] random: systemd-udevd: uninitialized urandom read (16 bytes read)
[    1.737279] sd 2:0:1:0: [sdb] 20480 512-byte logical blocks: (10.5 MB/10.0 MiB)
[    1.738318] random: systemd-udevd: uninitialized urandom read (16 bytes read)
[    1.739329] sd 2:0:1:0: [sdb] Write Protect is off
[    1.740299] sd 2:0:1:0: [sdb] Incomplete mode parameter data
[    1.741611] sd 2:0:1:0: [sdb] Assuming drive cache: write through
[    1.788575]  sda: sda1
[    1.797303] sd 2:0:0:0: [sda] Attached SCSI disk
[    1.869985] sd 2:0:1:0: [sdb] Attached SCSI disk
[    2.058761] e1000 0000:00:08.0 eth1: (PCI:33MHz:32-bit) 08:00:27:3b:7b:8b
[    2.059596] e1000 0000:00:08.0 eth1: Intel(R) PRO/1000 Network Connection
[    2.061195] e1000 0000:00:08.0 enp0s8: renamed from eth1
[    2.063111] e1000 0000:00:03.0 enp0s3: renamed from eth0
Begin: Loading essential drivers ... [    3.415555] raid6: sse2x1   gen() 14573 MB/s
[    3.479639] raid6: sse2x1   xor() 10206 MB/s
[    3.551317] raid6: sse2x2   gen() 19993 MB/s
[    3.623443] raid6: sse2x2   xor() 13863 MB/s
[    3.687385] raid6: sse2x4   gen() 19755 MB/s
[    3.751322] raid6: sse2x4   xor() 12546 MB/s
[    3.815445] raid6: avx2x1   gen() 27005 MB/s
[    3.879733] raid6: avx2x1   xor() 19062 MB/s
[    3.943461] raid6: avx2x2   gen() 31882 MB/s
[    4.007374] raid6: avx2x2   xor() 21390 MB/s
[    4.072188] raid6: avx2x4   gen() 38287 MB/s
[    4.136192] raid6: avx2x4   xor() 20202 MB/s
[    4.136948] raid6: using algorithm avx2x4 gen() 38287 MB/s
[    4.137897] raid6: .... xor() 20202 MB/s, rmw enabled
[    4.138696] raid6: using avx2x2 recovery algorithm
[    4.141263] xor: automatically using best checksumming function   avx       
[    4.143692] async_tx: api initialized (async)
done.
Begin: Running /scripts/init-premount ... done.
Begin: Mounting root file system ... Begin: Running /scripts/local-top ... done.
Begin: Running /scripts/local-premount ... [    4.184526] Btrfs loaded, crc32c=crc32c-intel
Scanning for Btrfs filesystems
done.
Warning: fsck not present, so skipping root file system
[    4.223183] EXT4-fs (sda1): mounted filesystem with ordered data mode. Opts: (null)
done.
Begin: Running /scripts/local-bottom ... done.
Begin: Running /scripts/init-bottom ... done.
[    4.761071] ip_tables: (C) 2000-2006 Netfilter Core Team
[    4.805897] systemd[1]: systemd 237 running in system mode. (+PAM +AUDIT +SELINUX +IMA +APPARMOR +SMACK +SYSVINIT +UTMP +LIBCRYPTSETUP +GCRYPT +GNUTLS +ACL +XZ +LZ4 +SECCOMP +BLKID +ELFUTILS +KMOD -IDN2 +IDN -PCRE2 default-hierarchy=hybrid)
[    4.817462] systemd[1]: Detected virtualization oracle.
[    4.820298] systemd[1]: Detected architecture x86-64.

Welcome to [1mUbuntu 18.04.5 LTS[0m!

[    4.836042] systemd[1]: Set hostname to <ubuntu>.
[    4.851711] systemd[1]: Initializing machine ID from random generator.
[    4.852696] systemd[1]: Installed transient /etc/machine-id file.
[    5.419292] systemd[1]: Reached target System Time Synchronized.
[[0;32m  OK  [0m] Reached target System Time Synchronized.
[    5.421609] systemd[1]: Created slice User and Session Slice.
[[0;32m  OK  [0m] Created slice User and Session Slice.
[    5.423238] systemd[1]: Set up automount Arbitrary Executable File Formats File System Automount Point.
[[0;32m  OK  [0m] Set up automount Arbitrary Executabâ€¦rmats File System Automount Point.
[    5.425571] systemd[1]: Reached target User and Group Name Lookups.
[[0;32m  OK  [0m] Reached target User and Group Name Lookups.
[[0;32m  OK  [0m] Created slice System Slice.
[[0;32m  OK  [0m] Listening on Journal Audit Socket.
[[0;32m  OK  [0m] Reached target Slices.
[[0;32m  OK  [0m] Created slice system-serial\x2dgetty.slice.
[[0;32m  OK  [0m] Listening on Syslog Socket.
[[0;32m  OK  [0m] Listening on Journal Socket.
         Starting Load Kernel Modules...
[[0;32m  OK  [0m] Listening on LVM2 poll daemon socket.
         Starting Create list of required stâ€¦ce nodes for the current kernel...
[[0;32m  OK  [0m] Listening on LVM2 metadata daemon socket.
[[0;32m  OK  [0m] Listening on udev Control Socket.
[[0;32m  OK  [0m] Listening on Journal Socket (/dev/log).
         Starting Journal Service...
         Starting Uncomplicated firewall...
[[0;32m  OK  [0m] Listening on Device-mapper event daemon FIFOs.
         Starting Monitoring of LVM2 mirrorsâ€¦ng dmeventd or progress polling...
         Starting Set the console keyboard layout...
[[0;32m  OK  [0m] Listening on udev Kernel Socket.
         Starting udev Coldplug all Devices...
         Mounting POSIX Message Queue File System...
[[0;32m  OK  [0m] Listening on Network Service Netlink Socket.
         Mounting Kernel Debug File System...
[    5.472393] Loading iSCSI transport class v2.0-870.
[[0;32m  OK  [0m] Started Forward Password Requests to Wall Directory Watch.
         Mounting Huge Pages File System...
[[0;32m  OK  [0m] Listening on /dev/initctl Compatibility Named Pipe.
[[0;32m  OK  [0m] Reached target Swap.
         Starting Remount Root and Kernel File Systems...
[    5.486767] iscsi: registered transport (tcp)
[    5.516266] random: crng init done
[    5.518388] random: 7 urandom warning(s) missed due to ratelimiting
[[0;32m  OK  [0m] Started Create list of required staâ€¦vice nodes for the current kernel.
         Starting Create Static Device Nodes in /dev...
[[0;32m  OK  [0m] Started Uncomplicated firewall.
[[0;32m  OK  [0m] Started Journal Service.
[[0;32m  OK  [0m] Started udev Coldplug all Devices.
[    5.718508] iscsi: registered transport (iser)
[[0;32m  OK  [0m] Started Load Kernel Modules.
         Starting Apply Kernel Variables...
         Mounting FUSE Control File System...
         Mounting Kernel Configuration File System...
[[0;32m  OK  [0m] Started Create Static Device Nodes in /dev.
[[0;32m  OK  [0m] Started LVM2 metadata daemon.
[[0;32m  OK  [0m] Mounted Kernel Configuration File System.
[[0;32m  OK  [0m] Mounted FUSE Control File System.
[[0;32m  OK  [0m] Mounted POSIX Message Queue File System.
[[0;32m  OK  [0m] Mounted Huge Pages File System.
[[0;32m  OK  [0m] Mounted Kernel Debug File System.
[    5.838070] EXT4-fs (sda1): re-mounted. Opts: (null)
[[0;32m  OK  [0m] Started Remount Root and Kernel File Systems.
         Starting udev Kernel Device Manager...
         Starting Flush Journal to Persistent Storage...
         Starting Load/Save Random Seed...
[[0;32m  OK  [0m] Started Monitoring of LVM2 mirrors,â€¦sing dmeventd or progress polling.
[[0;32m  OK  [0m] Started Set the console keyboard layout.
[[0;32m  OK  [0m] Reached target Local File Systems (Pre).
[[0;32m  OK  [0m] Reached target Local File Systems.
         Starting Commit a transient machine-id on disk...
         Starting Tell Plymouth To Write Out Runtime Data...
         Starting Set console font and keymap...
         Starting ebtables ruleset management...
         Starting AppArmor initialization...
[[0;32m  OK  [0m] Started Load/Save Random Seed.
[[0;32m  OK  [0m] Started udev Kernel Device Manager.
[[0;32m  OK  [0m] Started Dispatch Password Requests to Console Directory Watch.
[[0;32m  OK  [0m] Reached target Local Encrypted Volumes.
[[0;32m  OK  [0m] Started Apply Kernel Variables.
[[0;32m  OK  [0m] Started Set console font and keymap.
[[0;32m  OK  [0m] Started Tell Plymouth To Write Out Runtime Data.
[[0;32m  OK  [0m] Started Commit a transient machine-id on disk.
[[0;32m  OK  [0m] Started Flush Journal to Persistent Storage.
         Starting Create Volatile Files and Directories...
[[0;32m  OK  [0m] Started Create Volatile Files and Directories.
         Starting Update UTMP about System Boot/Shutdown...
[[0;32m  OK  [0m] Started Update UTMP about System Boot/Shutdown.
[[0;32m  OK  [0m] Started ebtables ruleset management.
[[0;32m  OK  [0m] Found device /dev/ttyS0.
[[0;32m  OK  [0m] Listening on Load/Save RF Kill Switch Status /dev/rfkill Watch.
[[0;32m  OK  [0m] Started AppArmor initialization.
         Starting Load AppArmor profiles managed internally by snapd...
         Starting Initial cloud-init job (pre-networking)...
[[0;32m  OK  [0m] Started Load AppArmor profiles managed internally by snapd.
[    9.549621] cloud-init[564]: Cloud-init v. 20.3-2-g371b392c-0ubuntu1~18.04.1 running 'init-local' at Sat, 11 Sep 2021 20:47:42 +0000. Up 9.14 seconds.
[[0;32m  OK  [0m] Started Initial cloud-init job (pre-networking).
[[0;32m  OK  [0m] Reached target Network (Pre).
         Starting Network Service...
[[0;32m  OK  [0m] Started Network Service.
         Starting Wait for Network to be Configured...
         Starting Network Name Resolution...
[[0;32m  OK  [0m] Started Network Name Resolution.
[[0;32m  OK  [0m] Reached target Network.
[[0;32m  OK  [0m] Reached target Host and Network Name Lookups.
[[0;32m  OK  [0m] Started Wait for Network to be Configured.
         Starting Initial cloud-init job (metadata service crawler)...
[   11.248058] cloud-init[681]: Cloud-init v. 20.3-2-g371b392c-0ubuntu1~18.04.1 running 'init' at Sat, 11 Sep 2021 20:47:44 +0000. Up 11.15 seconds.
[   11.250417] cloud-init[681]: ci-info: ++++++++++++++++++++++++++++++++++++++Net device info+++++++++++++++++++++++++++++++++++++++
[   11.251471] cloud-init[681]: ci-info: +--------+-------+----------------------------+---------------+--------+-------------------+
[   11.254149] cloud-init[681]: ci-info: | Device |   Up  |          Address           |      Mask     | Scope  |     Hw-Address    |
[   11.255193] cloud-init[681]: ci-info: +--------+-------+----------------------------+---------------+--------+-------------------+
[   11.257124] cloud-init[681]: ci-info: | enp0s3 |  True |         10.0.2.15          | 255.255.255.0 | global | 02:6a:93:8d:eb:87 |
[   11.258892] cloud-init[681]: ci-info: | enp0s3 |  True | fe80::6a:93ff:fe8d:eb87/64 |       .       |  link  | 02:6a:93:8d:eb:87 |
[   11.261211] cloud-init[681]: ci-info: | enp0s8 | False |             .              |       .       |   .    | 08:00:27:3b:7b:8b |
[   11.263113] cloud-init[681]: ci-info: |   lo   |  True |         127.0.0.1          |   255.0.0.0   |  host  |         .         |
[   11.276154] cloud-init[681]: ci-info: |   lo   |  True |          ::1/128           |       .       |  host  |         .         |
[   11.277125] cloud-init[681]: ci-info: +--------+-------+----------------------------+---------------+--------+-------------------+
[   11.278047] cloud-init[681]: ci-info: ++++++++++++++++++++++++++++Route IPv4 info+++++++++++++++++++++++++++++
[   11.278892] cloud-init[681]: ci-info: +-------+-------------+----------+-----------------+-----------+-------+
[   11.279767] cloud-init[681]: ci-info: | Route | Destination | Gateway  |     Genmask     | Interface | Flags |
[   11.280592] cloud-init[681]: ci-info: +-------+-------------+----------+-----------------+-----------+-------+
[   11.281609] cloud-init[681]: ci-info: |   0   |   0.0.0.0   | 10.0.2.2 |     0.0.0.0     |   enp0s3  |   UG  |
[   11.282474] cloud-init[681]: ci-info: |   1   |   10.0.2.0  | 0.0.0.0  |  255.255.255.0  |   enp0s3  |   U   |
[   11.283289] cloud-init[681]: ci-info: |   2   |   10.0.2.2  | 0.0.0.0  | 255.255.255.255 |   enp0s3  |   UH  |
[   11.284304] cloud-init[681]: ci-info: +-------+-------------+----------+-----------------+-----------+-------+
[   11.285588] cloud-init[681]: ci-info: +++++++++++++++++++Route IPv6 info+++++++++++++++++++
[   11.286755] cloud-init[681]: ci-info: +-------+-------------+---------+-----------+-------+
[   11.287872] cloud-init[681]: ci-info: | Route | Destination | Gateway | Interface | Flags |
[   11.288712] cloud-init[681]: ci-info: +-------+-------------+---------+-----------+-------+
[   11.289424] cloud-init[681]: ci-info: |   1   |  fe80::/64  |    ::   |   enp0s3  |   U   |
[   11.290240] cloud-init[681]: ci-info: |   3   |    local    |    ::   |   enp0s3  |   U   |
[   11.290938] cloud-init[681]: ci-info: |   4   |   ff00::/8  |    ::   |   enp0s3  |   U   |
[   11.291657] cloud-init[681]: ci-info: +-------+-------------+---------+-----------+-------+
[   12.477159] cloud-init[681]: Generating public/private rsa key pair.
[   12.478188] cloud-init[681]: Your identification has been saved in /etc/ssh/ssh_host_rsa_key.
[   12.479287] cloud-init[681]: Your public key has been saved in /etc/ssh/ssh_host_rsa_key.pub.
[   12.496522] cloud-init[681]: The key fingerprint is:
[   12.497270] cloud-init[681]: SHA256:Wn/+AKQSAYmNI/4Rq8VGCq9MhonEaUmYHUTPVK81TO0 root@ubuntu-bionic
[   12.498325] cloud-init[681]: The key's randomart image is:
[   12.499042] cloud-init[681]: +---[RSA 2048]----+
[   12.499682] cloud-init[681]: |+**=o+o ..       |
[   12.500421] cloud-init[681]: |=*=*o  =  .      |
[   12.500856] cloud-init[681]: |B++.= . =..      |
[   12.501500] cloud-init[681]: |+=.*   + +E      |
[   12.504135] cloud-init[681]: |+.= . o S .      |
[   12.504828] cloud-init[681]: |.o .   + . .     |
[   12.508256] cloud-init[681]: |      .   . o    |
[   12.508924] cloud-init[681]: |           o .   |
[   12.509600] cloud-init[681]: |            ...  |
[   12.510271] cloud-init[681]: +----[SHA256]-----+
[   12.512212] cloud-init[681]: Generating public/private dsa key pair.
[   12.516256] cloud-init[681]: Your identification has been saved in /etc/ssh/ssh_host_dsa_key.
[   12.517464] cloud-init[681]: Your public key has been saved in /etc/ssh/ssh_host_dsa_key.pub.
[   12.518559] cloud-init[681]: The key fingerprint is:
[   12.520174] cloud-init[681]: SHA256:F5Kg51dqVHgQcM/ZCQkk6zsAjnZqGF9PxHRzFPWQkp4 root@ubuntu-bionic
[   12.524224] cloud-init[681]: The key's randomart image is:
[   12.524748] cloud-init[681]: +---[DSA 1024]----+
[   12.525392] cloud-init[681]: |      =oO**=o.   |
[   12.525992] cloud-init[681]: |     + *.B=+.+   |
[   12.526511] cloud-init[681]: |  . . = +o*oo .  |
[   12.527012] cloud-init[681]: | o . = . +E.     |
[   12.528150] cloud-init[681]: |o...o + S .      |
[   12.528641] cloud-init[681]: |ooo. + + .       |
[   12.529137] cloud-init[681]: |.o.   +          |
[   12.532266] cloud-init[681]: |.      .         |
[   12.532676] cloud-init[681]: |                 |
[   12.533350] cloud-init[681]: +----[SHA256]-----+
[   12.534043] cloud-init[681]: Generating public/private ecdsa key pair.
[   12.536172] cloud-init[681]: Your identification has been saved in /etc/ssh/ssh_host_ecdsa_key.
[   12.540279] cloud-init[681]: Your public key has been saved in /etc/ssh/ssh_host_ecdsa_key.pub.
[   12.541219] cloud-init[681]: The key fingerprint is:
[   12.541883] cloud-init[681]: SHA256:kGVBB9OsWz/5WQ660NkKRPoH35Zhna+c9+xJZnpc/bc root@ubuntu-bionic
[   12.542833] cloud-init[681]: The key's randomart image is:
[   12.544145] cloud-init[681]: +---[ECDSA 256]---+
[   12.548216] cloud-init[681]: |       .B=.      |
[   12.548846] cloud-init[681]: |       + oo      |
[   12.549474] cloud-init[681]: |      o  ..      |
[   12.550093] cloud-init[681]: |       ..o.    ..|
[   12.550696] cloud-init[681]: |        Soo. .o.o|
[   12.551254] cloud-init[681]: |        .o ++=.o=|
[   12.555780] cloud-init[681]: |          + =+*O+|
[   12.556572] cloud-init[681]: |           +.+B**|
[   12.557227] cloud-init[681]: |            oo=EB|
[   12.557870] cloud-init[681]: +----[SHA256]-----+
[   12.558536] cloud-init[681]: Generating public/private ed25519 key pair.
[   12.559292] cloud-init[681]: Your identification has been saved in /etc/ssh/ssh_host_ed25519_key.[[0;32m  OK  [0m] Started Initial cloud-init job (metadata service crawler).
[[0;32m  OK  [0m] Reached target Cloud-config availability.
[[0;32m  OK  [0m] Reached target System Initialization.

[   12.563691] cloud-init[[0;32m  OK  [0m] Started ACPI Events Check.
[[0;32m  OK  [0m] Listening on Open-iSCSI iscsid Socket.
[[0;32m  OK  [0m] Started Discard unused blocks once a week.
[681]: Your public key has been saved in /etc/ssh/ssh_host_ed25519_key.pub.
[   12.567144] cloud-init[681]: The key fingerprint is:
[   12.567904] [[0;32m  OK  [0m] Listening on UUID daemon activation socket.
cloud-init[681]: SHA256:7COTxoONERl1Rst5c0ibrrO+N3ZPXDUb8a7CzGtPV+Q root@ubuntu-bionic
[[0;32m  OK  [0m] Listening on ACPID Listen Socket.
[   12.587214] cloud-init[681]: The key's randomart image is:
[[0;32m  OK  [0m] Started Daily apt download activities.
[[0;32m  OK  [0m] Started Message of the Day.
[[0;32m  OK  [0m] Reached target Paths.
[[0;32m  OK  [0m] Started Daily apt upgrade and clean activities.
[   12.595169] cloud-init[681]: +--[ED25519 256]--+
[   12.596753] cloud-init[681]: |    ....+ .    . |
[   12.597889] cloud-init[681]: |     o + + +    o|
[   12.598965] cloud-init[681]: |    o   + * .  o+|
[   12.600016] cloud-init[681]: |     . . o o   +=|
[   12.600555] cloud-init[681]: |    .   S .    .E|
[   12.600964] cloud-init[681]: |     * o . + . o.|
[   12.601382] cloud-init[681]: |    o O =   = = .|
[   12.602399]          Starting LXD - unix socket.
[[0;32m  OK  [0m] Started Daily Cleanup of Temporary Directories.
[[0;32m  OK  [0m] Reached target Timers.
         Starting Socket activation for snappy daemon.
[[0;32m  OK  [0m] Listening on D-Bus System Message Bus Socket.
[[0;32m  OK  [0m] Reached target Network is Online.
cloud-init[681]: |     . + ++ o= . |
[   12.611598] cloud-init[681]: |       .++ +.oo  |         Starting Availability of block devices...
[[0;32m  OK  [0m] Reached target Remote File Systems (Pre).
[[0;32m  OK  [0m] Reached target Remote File Systems.
[[0;32m  OK  [0m] Listening on LXD - unix socket.

[   12.616518] cloud-init[681]: +----[SHA256]-----+
[[0;32m  OK  [0m] Listening on Socket activation for snappy daemon.
[[0;32m  OK  [0m] Reached target Sockets.
[[0;32m  OK  [0m] Reached target Basic System.
[[0;32m  OK  [0m] Started D-Bus System Message Bus.
         Starting LSB: automatic crash report generation...
         Starting Permit User Sessions...
         Starting Virtualbox guest utils...
         Starting Pollinate to seed the pseudo random number generator...
[[0;32m  OK  [0m] Started FUSE filesystem for LXC.
         Starting System Logging Service...
         Starting Accounts Service...
[[0;32m  OK  [0m] Started irqbalance daemon.
         Starting Login Service...
         Starting LXD - container startup/shutdown...
         Starting Dispatcher daemon for systemd-networkd...
[[0;32m  OK  [0m] Started Deferred execution scheduler.
         Starting LSB: Record successful boot for GRUB...
[[0;32m  OK  [0m] Started Regular background program processing daemon.
         Starting Snap Daemon...
[[0;32m  OK  [0m] Started System Logging Service.
[[0;32m  OK  [0m] Started Availability of block devices.
[[0;32m  OK  [0m] Started Permit User Sessions.
[[0;32m  OK  [0m] Started Login Service.
[[0;32m  OK  [0m] Started Unattended Upgrades Shutdown.
         Starting Authorization Manager...
         Starting Terminate Plymouth Boot Screen...
         Starting Hold until boot process finishes up...
[[0;32m  OK  [0m] Started Hold until boot process finishes up.
         Starting Set console scheme...
[[0;32m  OK  [0m] Started Serial Getty on ttyS0.
[[0;32m  OK  [0m] Started Terminate Plymouth Boot Screen.
[[0;32m  OK  [0m] Started LSB: automatic crash report generation.
[[0;32m  OK  [0m] Started Set console scheme.
[[0;32m  OK  [0m] Created slice system-getty.slice.
[[0;32m  OK  [0m] Started Getty on tty1.
[[0;32m  OK  [0m] Reached target Login Prompts.
[[0;32m  OK  [0m] Started Authorization Manager.
[[0;32m  OK  [0m] Started Accounts Service.
[[0;32m  OK  [0m] Started LSB: Record successful boot for GRUB.
[[0;32m  OK  [0m] Started Virtualbox guest utils.
[[0;32m  OK  [0m] Started Dispatcher daemon for systemd-networkd.
[[0;32m  OK  [0m] Started LXD - container startup/shutdown.
[[0;32m  OK  [0m] Started Snap Daemon.
         Starting Wait until snapd is fully seeded...
[[0;32m  OK  [0m] Started Pollinate to seed the pseudo random number generator.
         Starting OpenBSD Secure Shell server...
[[0;32m  OK  [0m] Started OpenBSD Secure Shell server.
[[0;32m  OK  [0m] Created slice User Slice of vagrant.
[[0;32m  OK  [0m] Started Session 1 of user vagrant.
         Starting User Manager for UID 1000...
[[0;32m  OK  [0m] Started User Manager for UID 1000.

Ubuntu 18.04.5 LTS ubuntu-bionic ttyS0

ubuntu-bionic login: [   23.158662] cloud-init[1729]: Cloud-init v. 20.3-2-g371b392c-0ubuntu1~18.04.1 running 'modules:config' at Sat, 11 Sep 2021 20:47:55 +0000. Up 22.30 seconds.
ci-info: no authorized SSH keys fingerprints found for user ubuntu.
<14>Sep 11 20:47:56 ec2: 
<14>Sep 11 20:47:56 ec2: #############################################################
<14>Sep 11 20:47:56 ec2: -----BEGIN SSH HOST KEY FINGERPRINTS-----
<14>Sep 11 20:47:56 ec2: 1024 SHA256:F5Kg51dqVHgQcM/ZCQkk6zsAjnZqGF9PxHRzFPWQkp4 root@ubuntu-bionic (DSA)
<14>Sep 11 20:47:56 ec2: 256 SHA256:kGVBB9OsWz/5WQ660NkKRPoH35Zhna+c9+xJZnpc/bc root@ubuntu-bionic (ECDSA)
<14>Sep 11 20:47:56 ec2: 256 SHA256:7COTxoONERl1Rst5c0ibrrO+N3ZPXDUb8a7CzGtPV+Q root@ubuntu-bionic (ED25519)
<14>Sep 11 20:47:56 ec2: 2048 SHA256:Wn/+AKQSAYmNI/4Rq8VGCq9MhonEaUmYHUTPVK81TO0 root@ubuntu-bionic (RSA)
<14>Sep 11 20:47:56 ec2: -----END SSH HOST KEY FINGERPRINTS-----
<14>Sep 11 20:47:56 ec2: #############################################################
-----BEGIN SSH HOST KEY KEYS-----
ecdsa-sha2-nistp256 AAAAE2VjZHNhLXNoYTItbmlzdHAyNTYAAAAIbmlzdHAyNTYAAABBBODCaTeyoWkXCXA/rzcaS/NW5kI3lh81JCr5cV+6Pv90+t7FMG59gGpWJdQNnBfH9jF/x2sakqgET+YoMnfNUUY= root@ubuntu-bionic
ssh-ed25519 AAAAC3NzaC1lZDI1NTE5AAAAIIp9rtsqE5TxskuC1tA8oitevJYTwf+duRzKB/6zF9+w root@ubuntu-bionic
ssh-rsa AAAAB3NzaC1yc2EAAAADAQABAAABAQC9dCEKdXz6rxZh5HkuklcAVnVRTQFITs5cVeDcetoDoMWVEOSonwKEYclswGF6ufChqarIqhQCPVSnPfbeJjE6CtJ2pcpI4h6Q33bzRj3RSzbx73r5jz5T/b78jhVOY/+Ngu+mHoJl28OohVb5zTnzoM771DSdm3ONOtbSp4Ge2f1X8XBgVkjVRZvD7ijOA7Tbd8Rw41D6VSMSxJj06NUpGtgpavBoX56qAT3xVQxjSrf2n2pX8CQ2hPBsWnvfZa3mcYKrEyibV3jBmmwMUjuTZ544huNp+PAqpU9bXIobmNxqPcSjIr54N6wNzDRMl8M8UmquBBzWweJcuhBblARf root@ubuntu-bionic
-----END SSH HOST KEY KEYS-----
[   23.703968] cloud-init[1906]: Cloud-init v. 20.3-2-g371b392c-0ubuntu1~18.04.1 running 'modules:final' at Sat, 11 Sep 2021 20:47:56 +0000. Up 23.54 seconds.
[   23.705196] cloud-init[1906]: ci-info: no authorized SSH keys fingerprints found for user ubuntu.
[   23.705942] cloud-init[1906]: Cloud-init v. 20.3-2-g371b392c-0ubuntu1~18.04.1 finished at Sat, 11 Sep 2021 20:47:56 +0000. Datasource DataSourceNoCloud [seed=/dev/sdb][dsmode=net].  Up 23.69 seconds
